// Jest Snapshot v1, https://goo.gl/fbAQLP

exports[`renders correctly 1`] = `
<div
  className="App"
>
  <div
    className="Header"
  >
    <span
      className="firstHeader"
      style={
        Object {
          "fontSize": "23px",
        }
      }
    >
      WELCOME 
    </span>
    <span
      className="secondHeader"
      style={
        Object {
          "fontSize": "13px",
        }
      }
    >
      TO OUR RANDOM ART GENERATOR
    </span>
    <div
      className="headerForm"
    >
      <form
        style={Object {}}
      >
        <div>
          <input
            className="inputName"
            onChange={[Function]}
            placeholder="What's your name"
            type="text"
          />
          <div
            className="headerSubmit"
            onClick={[Function]}
          >
            SUBMIT
          </div>
        </div>
      </form>
    </div>
  </div>
  <div
    className="container1"
  >
    <div
      className="tabs"
    >
      <ol
        className="tab-list"
      >
        <li
          className="tab-list-item tab-list-active"
          onClick={[Function]}
        >
          Welcome
        </li>
        <li
          className="tab-list-item"
          onClick={[Function]}
        >
          1
        </li>
        <li
          className="tab-list-item"
          onClick={[Function]}
        >
          2
        </li>
        <li
          className="tab-list-item"
          onClick={[Function]}
        >
          3
        </li>
        <li
          className="tab-list-item"
          onClick={[Function]}
        >
          4
        </li>
      </ol>
      <div
        className="tab-content"
      >
        <div
          className="image1"
        >
          <img
            alt="kiwi"
            className="kiwi-bird"
            src="kiwi.svg"
          />
        </div>
        <div
          className="text1"
        >
          <h5>
            Create your own Gallery
          </h5>
          <p>
            1. Choose one category for picture, sound and text 
          </p>
          <p>
            2. Press "Generate art"
          </p>
          <p>
            3. Click on the tabs to see your collection
          </p>
          <p>
            4. Click "Save art" to save the collection
          </p>
        </div>
      </div>
    </div>
    <div
      className="checkboxesStyle"
    >
      <h2>
        PICTURE
      </h2>
      <form>
        <div
          className="pictures"
        >
          <label>
            <input
              checked={true}
              className="form-check-input"
              name="picturesGroup"
              onChange={[Function]}
              type="radio"
              value="1"
            />
            Elephant
          </label>
        </div>
        <div
          className="pictures"
        >
          <label>
            <input
              checked={false}
              className="form-check-input"
              name="picturesGroup"
              onChange={[Function]}
              type="radio"
              value="2"
            />
            Giraffe
          </label>
        </div>
        <div
          className="pictures"
        >
          <label>
            <input
              checked={false}
              className="form-check-input"
              name="picturesGroup"
              onChange={[Function]}
              type="radio"
              value="3"
            />
            Dog
          </label>
        </div>
      </form>
      <h2>
        SOUNDS
      </h2>
      <form>
        <div
          className="sounds"
        >
          <label>
            <input
              checked={true}
              className="form-check-input-2"
              name="soundsGroup"
              onChange={[Function]}
              type="radio"
              value="4"
            />
            Techno
          </label>
        </div>
        <div
          className="sounds"
        >
          <label>
            <input
              checked={false}
              className="form-check-input-2"
              name="soundsGroup"
              onChange={[Function]}
              type="radio"
              value="5"
            />
            Jazz
          </label>
        </div>
        <div
          className="sounds"
        >
          <label>
            <input
              checked={false}
              className="form-check-input-2"
              name="soundsGroup"
              onChange={[Function]}
              type="radio"
              value="6"
            />
            Ringtone
          </label>
        </div>
      </form>
      <h2>
        TEXT
      </h2>
      <form>
        <div
          className="text"
        >
          <label>
            <input
              checked={true}
              className="form-check-input-3"
              name="textGroup"
              onChange={[Function]}
              type="radio"
              value="7"
            />
            Poem
          </label>
        </div>
        <div
          className="text"
        >
          <label>
            <input
              checked={false}
              className="form-check-input-3"
              name="textGroup"
              onChange={[Function]}
              type="radio"
              value="8"
            />
            Novel
          </label>
        </div>
        <div
          className="text"
        >
          <label>
            <input
              checked={false}
              className="form-check-input-3"
              name="textGroup"
              onChange={[Function]}
              type="radio"
              value="9"
            />
            Lyrics
          </label>
        </div>
      </form>
    </div>
  </div>
  <div
    className="container2"
  >
    <div
      className="buttonStyle"
      onClick={[Function]}
    >
      SAVE ART
    </div>
    <div
      className="buttonStyle"
      onClick={[Function]}
    >
      FETCH ART
    </div>
    <div
      className="buttonStyle"
      onClick={[Function]}
    >
      CLEAR ART
    </div>
    <div
      className="buttonStyle"
      onClick={[Function]}
      type="submit"
    >
      GENERATE ART
    </div>
  </div>
</div>
`;
